// Jest Snapshot v1, https://goo.gl/fbAQLP

exports[`List Genres renderer correctly 1`] = `
<section
  className="catalog"
>
  <h2
    className="catalog__title visually-hidden"
  >
    Catalog
  </h2>
  <ul
    className="catalog__genres-list"
  >
    <li
      className="catalog__genres-item catalog__genres-item--active"
    >
      <a
        className="catalog__genres-link"
        href=""
        onClick={[Function]}
      >
        All genres
      </a>
    </li>
    <li
      className="catalog__genres-item "
    >
      <a
        className="catalog__genres-link"
        href=""
        onClick={[Function]}
      >
        Comedy
      </a>
    </li>
  </ul>
  <div
    className="catalog__movies-list"
  >
    <article
      className="small-movie-card catalog__movies-card"
      onClick={[Function]}
      onMouseEnter={[Function]}
      onMouseLeave={[Function]}
    >
      <div
        className="small-movie-card__image"
      >
        <video
          height="175"
          poster="https://htmlacademy-react-3.appspot.com/wtw/static/film/preview/snatch.jpg"
          src="http://peach.themazzone.com/durian/movies/sintel-1024-surround.mp4"
          width="280"
        />
      </div>
      <h3
        className="small-movie-card__title"
      >
        <a
          className="small-movie-card__link"
          href="#"
          onClick={[Function]}
        >
          Name
        </a>
      </h3>
    </article>
    <article
      className="small-movie-card catalog__movies-card"
      onClick={[Function]}
      onMouseEnter={[Function]}
      onMouseLeave={[Function]}
    >
      <div
        className="small-movie-card__image"
      >
        <video
          height="175"
          poster="https://htmlacademy-react-3.appspot.com/wtw/static/film/preview/snatch.jpg"
          src="http://peach.themazzone.com/durian/movies/sintel-1024-surround.mp4"
          width="280"
        />
      </div>
      <h3
        className="small-movie-card__title"
      >
        <a
          className="small-movie-card__link"
          href="#"
          onClick={[Function]}
        >
          Name
        </a>
      </h3>
    </article>
     
  </div>
  <div
    className="catalog__more"
    hidden={true}
  >
    <button
      className="catalog__button"
      onClick={[Function]}
      type="button"
    >
      Show more
    </button>
  </div>
</section>
`;
