// Jest Snapshot v1, https://goo.gl/fbAQLP

exports[`CardMovie is renderer correctly 1`] = `
<article
  className="small-movie-card catalog__movies-card"
  onClick={[Function]}
  onMouseEnter={[Function]}
  onMouseLeave={[Function]}
>
  <div
    className="small-movie-card__image"
  >
    <video
      height="175"
      poster="https://htmlacademy-react-3.appspot.com/wtw/static/film/preview/snatch.jpg"
      src="http://peach.themazzone.com/durian/movies/sintel-1024-surround.mp4"
      width="280"
    />
  </div>
  <h3
    className="small-movie-card__title"
  >
    <a
      className="small-movie-card__link"
      href="#"
      onClick={[Function]}
    >
      Name
    </a>
  </h3>
</article>
`;
